---
source: crates/opengp-ui/src/ui/components/status_bar.rs
assertion_line: 284
expression: terminal.backend()
---
"Patients───────────────────Error: Patient not found──────────────────────F1 Help"
"                                                                                "
"                                                                                "
